$ vite build
vite v8.1.0 building client environment for production...
[2Ktransforming...✓ 2252 modules transformed.
rendering chunks...
computing gzip size...
dist/index.html                                0.59 kB │ gzip:   0.33 kB
dist/assets/_page-Cx_dx_na.css                 0.92 kB │ gzip:   0.44 kB
dist/assets/_auth-dKEOXh2-.css                 1.99 kB │ gzip:   0.75 kB
dist/assets/_page-CSkN1iji.css                 4.95 kB │ gzip:   1.36 kB
dist/assets/AdminFilterBar-DkarnUAg.css        5.20 kB │ gzip:   1.51 kB
dist/assets/admin-page-B_z0gY68.css           10.29 kB │ gzip:   2.17 kB
dist/assets/index-hKtGoIpj.css                18.22 kB │ gzip:   4.44 kB
dist/assets/_auth-D1V7K20_.js                  0.25 kB │ gzip:   0.21 kB
dist/assets/routes-DUZ_weOU.js                 0.28 kB │ gzip:   0.24 kB
dist/assets/useRouter-TRTGr29K.js              0.69 kB │ gzip:   0.39 kB
dist/assets/admin-page.module-DrmWDKOs.js      2.00 kB │ gzip:   0.60 kB
dist/assets/_page.profile-C9Iwcq_D.js          2.66 kB │ gzip:   1.04 kB
dist/assets/_auth.login-DxMauk0A.js            3.04 kB │ gzip:   1.47 kB
dist/assets/_page-Dp4eB1Oa.js                  4.14 kB │ gzip:   1.56 kB
dist/assets/AdminFilterBar-BRxqNNeI.js         6.09 kB │ gzip:   2.66 kB
dist/assets/_page.dashboard-DRftLRAm.js        6.42 kB │ gzip:   2.22 kB
dist/assets/_page.users-7qlWx_so.js            7.16 kB │ gzip:   3.43 kB
dist/assets/_page.menus-BVUfSB1u.js            7.27 kB │ gzip:   3.49 kB
dist/assets/compiler-runtime--XPNi5ZU.js       8.70 kB │ gzip:   3.29 kB
dist/assets/_page.codes-Dx_YLzJj.js            8.91 kB │ gzip:   4.00 kB
dist/assets/index-BsJ47D5m.js              1,264.08 kB │ gzip: 363.02 kB

✓ built in 2.52s
[plugin builtin:vite-reporter]
(!) Some chunks are larger than 500 kB after minification. Consider:
- Using dynamic import() to code-split the application
- Use build.rolldownOptions.output.codeSplitting to improve chunking: https://rolldown.rs/reference/OutputOptions.codeSplitting
- Adjust chunk size limit for this warning via build.chunkSizeWarningLimit.
