$ vite build --sourcemap --minify false
vite v8.1.0 building client environment for production...

../images/common/bxui_logo.png referenced in ../images/common/bxui_logo.png didn't resolve at build time, it will remain unchanged to be resolved at runtime

../images/icon/bx-bell.svg referenced in ../images/icon/bx-bell.svg didn't resolve at build time, it will remain unchanged to be resolved at runtime

../images/icon/bx-book.svg referenced in ../images/icon/bx-book.svg didn't resolve at build time, it will remain unchanged to be resolved at runtime

../images/icon/bx-add.svg referenced in ../images/icon/bx-add.svg didn't resolve at build time, it will remain unchanged to be resolved at runtime

../images/icon/bx-calendar.svg referenced in ../images/icon/bx-calendar.svg didn't resolve at build time, it will remain unchanged to be resolved at runtime

../images/icon/bx-close.svg referenced in ../images/icon/bx-close.svg didn't resolve at build time, it will remain unchanged to be resolved at runtime

../images/icon/bx-delete.svg referenced in ../images/icon/bx-delete.svg didn't resolve at build time, it will remain unchanged to be resolved at runtime

../images/icon/bx-menu-open.svg referenced in ../images/icon/bx-menu-open.svg didn't resolve at build time, it will remain unchanged to be resolved at runtime

../images/icon/bx-reference-all.svg referenced in ../images/icon/bx-reference-all.svg didn't resolve at build time, it will remain unchanged to be resolved at runtime

../images/icon/bx-refresh.svg referenced in ../images/icon/bx-refresh.svg didn't resolve at build time, it will remain unchanged to be resolved at runtime

../images/icon/bx-settings.svg referenced in ../images/icon/bx-settings.svg didn't resolve at build time, it will remain unchanged to be resolved at runtime

../images/icon/bx-undo.svg referenced in ../images/icon/bx-undo.svg didn't resolve at build time, it will remain unchanged to be resolved at runtime

../images/icon/bx-add-box.svg referenced in ../images/icon/bx-add-box.svg didn't resolve at build time, it will remain unchanged to be resolved at runtime

../images/icon/bx-add-chart.svg referenced in ../images/icon/bx-add-chart.svg didn't resolve at build time, it will remain unchanged to be resolved at runtime

../images/icon/bx-attach-file.svg referenced in ../images/icon/bx-attach-file.svg didn't resolve at build time, it will remain unchanged to be resolved at runtime

../images/icon/bx-calculate.svg referenced in ../images/icon/bx-calculate.svg didn't resolve at build time, it will remain unchanged to be resolved at runtime

../images/icon/bx-calendar-clock.svg referenced in ../images/icon/bx-calendar-clock.svg didn't resolve at build time, it will remain unchanged to be resolved at runtime

../images/icon/bx-chart-data.svg referenced in ../images/icon/bx-chart-data.svg didn't resolve at build time, it will remain unchanged to be resolved at runtime

../images/icon/bx-chat.svg referenced in ../images/icon/bx-chat.svg didn't resolve at build time, it will remain unchanged to be resolved at runtime

../images/icon/bx-check-small.svg referenced in ../images/icon/bx-check-small.svg didn't resolve at build time, it will remain unchanged to be resolved at runtime

../images/icon/bx-check.svg referenced in ../images/icon/bx-check.svg didn't resolve at build time, it will remain unchanged to be resolved at runtime

../images/icon/bx-dark-mode.svg referenced in ../images/icon/bx-dark-mode.svg didn't resolve at build time, it will remain unchanged to be resolved at runtime

../images/icon/bx-data-table.svg referenced in ../images/icon/bx-data-table.svg didn't resolve at build time, it will remain unchanged to be resolved at runtime

../images/icon/bx-description.svg referenced in ../images/icon/bx-description.svg didn't resolve at build time, it will remain unchanged to be resolved at runtime

../images/icon/bx-dvr.svg referenced in ../images/icon/bx-dvr.svg didn't resolve at build time, it will remain unchanged to be resolved at runtime

../images/icon/bx-edit.svg referenced in ../images/icon/bx-edit.svg didn't resolve at build time, it will remain unchanged to be resolved at runtime

../images/icon/bx-error.svg referenced in ../images/icon/bx-error.svg didn't resolve at build time, it will remain unchanged to be resolved at runtime

../images/icon/bx-event-repeat.svg referenced in ../images/icon/bx-event-repeat.svg didn't resolve at build time, it will remain unchanged to be resolved at runtime

../images/icon/bx-file.svg referenced in ../images/icon/bx-file.svg didn't resolve at build time, it will remain unchanged to be resolved at runtime

../images/icon/bx-findpage.svg referenced in ../images/icon/bx-findpage.svg didn't resolve at build time, it will remain unchanged to be resolved at runtime

../images/icon/bx-folder-upload.svg referenced in ../images/icon/bx-folder-upload.svg didn't resolve at build time, it will remain unchanged to be resolved at runtime

../images/icon/bx-help.svg referenced in ../images/icon/bx-help.svg didn't resolve at build time, it will remain unchanged to be resolved at runtime

../images/icon/bx-history.svg referenced in ../images/icon/bx-history.svg didn't resolve at build time, it will remain unchanged to be resolved at runtime

../images/icon/bx-info.svg referenced in ../images/icon/bx-info.svg didn't resolve at build time, it will remain unchanged to be resolved at runtime

../images/icon/bx-language.svg referenced in ../images/icon/bx-language.svg didn't resolve at build time, it will remain unchanged to be resolved at runtime

../images/icon/bx-lock.svg referenced in ../images/icon/bx-lock.svg didn't resolve at build time, it will remain unchanged to be resolved at runtime

../images/icon/bx-mail.svg referenced in ../images/icon/bx-mail.svg didn't resolve at build time, it will remain unchanged to be resolved at runtime

../images/icon/bx-monitoringl.svg referenced in ../images/icon/bx-monitoringl.svg didn't resolve at build time, it will remain unchanged to be resolved at runtime

../images/icon/bx-move-group.svg referenced in ../images/icon/bx-move-group.svg didn't resolve at build time, it will remain unchanged to be resolved at runtime

../images/icon/bx-news.svg referenced in ../images/icon/bx-news.svg didn't resolve at build time, it will remain unchanged to be resolved at runtime

../images/icon/bx-open-infull.svg referenced in ../images/icon/bx-open-infull.svg didn't resolve at build time, it will remain unchanged to be resolved at runtime

../images/icon/bx-person-add.svg referenced in ../images/icon/bx-person-add.svg didn't resolve at build time, it will remain unchanged to be resolved at runtime

../images/icon/bx-phonelink.svg referenced in ../images/icon/bx-phonelink.svg didn't resolve at build time, it will remain unchanged to be resolved at runtime

../images/icon/bx-remove.svg referenced in ../images/icon/bx-remove.svg didn't resolve at build time, it will remain unchanged to be resolved at runtime

../images/icon/bx-screen-share.svg referenced in ../images/icon/bx-screen-share.svg didn't resolve at build time, it will remain unchanged to be resolved at runtime

../images/icon/bx-search-check.svg referenced in ../images/icon/bx-search-check.svg didn't resolve at build time, it will remain unchanged to be resolved at runtime

../images/icon/bx-search-insights.svg referenced in ../images/icon/bx-search-insights.svg didn't resolve at build time, it will remain unchanged to be resolved at runtime

../images/icon/bx-star.svg referenced in ../images/icon/bx-star.svg didn't resolve at build time, it will remain unchanged to be resolved at runtime

../images/icon/bx-sync-alt.svg referenced in ../images/icon/bx-sync-alt.svg didn't resolve at build time, it will remain unchanged to be resolved at runtime

../images/icon/bx-tab-move.svg referenced in ../images/icon/bx-tab-move.svg didn't resolve at build time, it will remain unchanged to be resolved at runtime

../images/icon/bx-table-view.svg referenced in ../images/icon/bx-table-view.svg didn't resolve at build time, it will remain unchanged to be resolved at runtime

../images/icon/bx-update.svg referenced in ../images/icon/bx-update.svg didn't resolve at build time, it will remain unchanged to be resolved at runtime

../images/icon/bx-visibility.svg referenced in ../images/icon/bx-visibility.svg didn't resolve at build time, it will remain unchanged to be resolved at runtime

../images/icon/bx-account-circle.svg referenced in ../images/icon/bx-account-circle.svg didn't resolve at build time, it will remain unchanged to be resolved at runtime

../images/icon/bx-analytics.svg referenced in ../images/icon/bx-analytics.svg didn't resolve at build time, it will remain unchanged to be resolved at runtime

../images/icon/bx-arrow-back.svg referenced in ../images/icon/bx-arrow-back.svg didn't resolve at build time, it will remain unchanged to be resolved at runtime

../images/icon/bx-arrow-forward.svg referenced in ../images/icon/bx-arrow-forward.svg didn't resolve at build time, it will remain unchanged to be resolved at runtime

../images/icon/bx-autorenew.svg referenced in ../images/icon/bx-autorenew.svg didn't resolve at build time, it will remain unchanged to be resolved at runtime

../images/icon/bx-backup.svg referenced in ../images/icon/bx-backup.svg didn't resolve at build time, it will remain unchanged to be resolved at runtime

../images/icon/bx-block.svg referenced in ../images/icon/bx-block.svg didn't resolve at build time, it will remain unchanged to be resolved at runtime

../images/icon/bx-cached.svg referenced in ../images/icon/bx-cached.svg didn't resolve at build time, it will remain unchanged to be resolved at runtime

../images/icon/bx-chevron-right.svg referenced in ../images/icon/bx-chevron-right.svg didn't resolve at build time, it will remain unchanged to be resolved at runtime

../images/icon/bx-chevron-left.svg referenced in ../images/icon/bx-chevron-left.svg didn't resolve at build time, it will remain unchanged to be resolved at runtime

../images/icon/bx-chrome-reader-mode.svg referenced in ../images/icon/bx-chrome-reader-mode.svg didn't resolve at build time, it will remain unchanged to be resolved at runtime

../images/icon/bx-collections-bookmark.svg referenced in ../images/icon/bx-collections-bookmark.svg didn't resolve at build time, it will remain unchanged to be resolved at runtime

../images/icon/bx-create-new.svg referenced in ../images/icon/bx-create-new.svg didn't resolve at build time, it will remain unchanged to be resolved at runtime

../images/icon/bx-data-alert.svg referenced in ../images/icon/bx-data-alert.svg didn't resolve at build time, it will remain unchanged to be resolved at runtime

../images/icon/bx-download.svg referenced in ../images/icon/bx-download.svg didn't resolve at build time, it will remain unchanged to be resolved at runtime

../images/icon/bx-event-available.svg referenced in ../images/icon/bx-event-available.svg didn't resolve at build time, it will remain unchanged to be resolved at runtime

../images/icon/bx-format-list.svg referenced in ../images/icon/bx-format-list.svg didn't resolve at build time, it will remain unchanged to be resolved at runtime

../images/icon/bx-library-add.svg referenced in ../images/icon/bx-library-add.svg didn't resolve at build time, it will remain unchanged to be resolved at runtime

../images/icon/bx-library-bookssvg.svg referenced in ../images/icon/bx-library-bookssvg.svg didn't resolve at build time, it will remain unchanged to be resolved at runtime

../images/icon/bx-menu.svg referenced in ../images/icon/bx-menu.svg didn't resolve at build time, it will remain unchanged to be resolved at runtime

../images/icon/bx-open-in-new.svg referenced in ../images/icon/bx-open-in-new.svg didn't resolve at build time, it will remain unchanged to be resolved at runtime

../images/icon/bx-open-with.svg referenced in ../images/icon/bx-open-with.svg didn't resolve at build time, it will remain unchanged to be resolved at runtime

../images/icon/bx-person-remove.svg referenced in ../images/icon/bx-person-remove.svg didn't resolve at build time, it will remain unchanged to be resolved at runtime

../images/icon/bx-quick-reference.svg referenced in ../images/icon/bx-quick-reference.svg didn't resolve at build time, it will remain unchanged to be resolved at runtime

../images/icon/bx-redo.svg referenced in ../images/icon/bx-redo.svg didn't resolve at build time, it will remain unchanged to be resolved at runtime

../images/icon/bx-search.svg referenced in ../images/icon/bx-search.svg didn't resolve at build time, it will remain unchanged to be resolved at runtime

../images/icon/bx-steppers.svg referenced in ../images/icon/bx-steppers.svg didn't resolve at build time, it will remain unchanged to be resolved at runtime

../images/icon/bx-sync.svg referenced in ../images/icon/bx-sync.svg didn't resolve at build time, it will remain unchanged to be resolved at runtime

../images/icon/bx-task-alt.svg referenced in ../images/icon/bx-task-alt.svg didn't resolve at build time, it will remain unchanged to be resolved at runtime

../images/icon/bx-visibility-off.svg referenced in ../images/icon/bx-visibility-off.svg didn't resolve at build time, it will remain unchanged to be resolved at runtime

../images/icon/bx-warning.svg referenced in ../images/icon/bx-warning.svg didn't resolve at build time, it will remain unchanged to be resolved at runtime

../images/icon/bx-north.svg referenced in ../images/icon/bx-north.svg didn't resolve at build time, it will remain unchanged to be resolved at runtime

../images/icon/bx-south.svg referenced in ../images/icon/bx-south.svg didn't resolve at build time, it will remain unchanged to be resolved at runtime

../images/icon/bx-fill-account-circle.svg referenced in ../images/icon/bx-fill-account-circle.svg didn't resolve at build time, it will remain unchanged to be resolved at runtime

../images/icon/bx-fill-savings.svg referenced in ../images/icon/bx-fill-savings.svg didn't resolve at build time, it will remain unchanged to be resolved at runtime

../images/icon/bx-fill-breaking-news.svg referenced in ../images/icon/bx-fill-breaking-news.svg didn't resolve at build time, it will remain unchanged to be resolved at runtime

../images/icon/bx-fill-quick-reference-all.svg referenced in ../images/icon/bx-fill-quick-reference-all.svg didn't resolve at build time, it will remain unchanged to be resolved at runtime

../images/icon/bx-fill-package.svg referenced in ../images/icon/bx-fill-package.svg didn't resolve at build time, it will remain unchanged to be resolved at runtime

../images/icon/bx-fill-payments.svg referenced in ../images/icon/bx-fill-payments.svg didn't resolve at build time, it will remain unchanged to be resolved at runtime

../images/icon/bx-fill-checkbook.svg referenced in ../images/icon/bx-fill-checkbook.svg didn't resolve at build time, it will remain unchanged to be resolved at runtime

../images/icon/bx-fill-profile.svg referenced in ../images/icon/bx-fill-profile.svg didn't resolve at build time, it will remain unchanged to be resolved at runtime

../images/icon/bx-fill-calculate.svg referenced in ../images/icon/bx-fill-calculate.svg didn't resolve at build time, it will remain unchanged to be resolved at runtime

../images/icon/bx-fill-conversion-path.svg referenced in ../images/icon/bx-fill-conversion-path.svg didn't resolve at build time, it will remain unchanged to be resolved at runtime

../images/icon/bx-fill-assignment-turned.svg referenced in ../images/icon/bx-fill-assignment-turned.svg didn't resolve at build time, it will remain unchanged to be resolved at runtime

../images/icon/bx-fill-credit-card.svg referenced in ../images/icon/bx-fill-credit-card.svg didn't resolve at build time, it will remain unchanged to be resolved at runtime

../images/icon/bx-fill-diversity.svg referenced in ../images/icon/bx-fill-diversity.svg didn't resolve at build time, it will remain unchanged to be resolved at runtime

../images/icon/bx-fill-category.svg referenced in ../images/icon/bx-fill-category.svg didn't resolve at build time, it will remain unchanged to be resolved at runtime

../images/icon/bx-fill-campaign.svg referenced in ../images/icon/bx-fill-campaign.svg didn't resolve at build time, it will remain unchanged to be resolved at runtime

../images/icon/bx-fill-book2.svg referenced in ../images/icon/bx-fill-book2.svg didn't resolve at build time, it will remain unchanged to be resolved at runtime

../images/icon/bx-fill-bookmark-star.svg referenced in ../images/icon/bx-fill-bookmark-star.svg didn't resolve at build time, it will remain unchanged to be resolved at runtime

../images/icon/bx-fill-add-circle.svg referenced in ../images/icon/bx-fill-add-circle.svg didn't resolve at build time, it will remain unchanged to be resolved at runtime

../images/icon/bx-fill-alarm.svg referenced in ../images/icon/bx-fill-alarm.svg didn't resolve at build time, it will remain unchanged to be resolved at runtime

../images/icon/bx-fill-analytics.svg referenced in ../images/icon/bx-fill-analytics.svg didn't resolve at build time, it will remain unchanged to be resolved at runtime

../images/icon/bx-fill-bedtime.svg referenced in ../images/icon/bx-fill-bedtime.svg didn't resolve at build time, it will remain unchanged to be resolved at runtime

../images/icon/bx-fill-cancel.svg referenced in ../images/icon/bx-fill-cancel.svg didn't resolve at build time, it will remain unchanged to be resolved at runtime

../images/icon/bx-fill-check-circle.svg referenced in ../images/icon/bx-fill-check-circle.svg didn't resolve at build time, it will remain unchanged to be resolved at runtime

../images/icon/bx-fill-create-folder.svg referenced in ../images/icon/bx-fill-create-folder.svg didn't resolve at build time, it will remain unchanged to be resolved at runtime

../images/icon/bx-fill-delete-forever.svg referenced in ../images/icon/bx-fill-delete-forever.svg didn't resolve at build time, it will remain unchanged to be resolved at runtime

../images/icon/bx-fill-find-page.svg referenced in ../images/icon/bx-fill-find-page.svg didn't resolve at build time, it will remain unchanged to be resolved at runtime

../images/icon/bx-fill-folder-shared.svg referenced in ../images/icon/bx-fill-folder-shared.svg didn't resolve at build time, it will remain unchanged to be resolved at runtime

../images/icon/bx-fill-help.svg referenced in ../images/icon/bx-fill-help.svg didn't resolve at build time, it will remain unchanged to be resolved at runtime

../images/icon/bx-fill-home.svg referenced in ../images/icon/bx-fill-home.svg didn't resolve at build time, it will remain unchanged to be resolved at runtime

../images/icon/bx-fill-info.svg referenced in ../images/icon/bx-fill-info.svg didn't resolve at build time, it will remain unchanged to be resolved at runtime

../images/icon/bx-fill-leaderboard.svg referenced in ../images/icon/bx-fill-leaderboard.svg didn't resolve at build time, it will remain unchanged to be resolved at runtime

../images/icon/bx-fill-overview.svg referenced in ../images/icon/bx-fill-overview.svg didn't resolve at build time, it will remain unchanged to be resolved at runtime

../images/icon/bx-fill-print.svg referenced in ../images/icon/bx-fill-print.svg didn't resolve at build time, it will remain unchanged to be resolved at runtime

../images/icon/bx-fill-quick-reference.svg referenced in ../images/icon/bx-fill-quick-reference.svg didn't resolve at build time, it will remain unchanged to be resolved at runtime

../images/icon/bx-fill-settings.svg referenced in ../images/icon/bx-fill-settings.svg didn't resolve at build time, it will remain unchanged to be resolved at runtime

../images/icon/bx-fill-stacks.svg referenced in ../images/icon/bx-fill-stacks.svg didn't resolve at build time, it will remain unchanged to be resolved at runtime

../images/icon/bx-fill-tab-move.svg referenced in ../images/icon/bx-fill-tab-move.svg didn't resolve at build time, it will remain unchanged to be resolved at runtime

../images/icon/bx-fill-task.svg referenced in ../images/icon/bx-fill-task.svg didn't resolve at build time, it will remain unchanged to be resolved at runtime

../images/icon/bx-fill-view-kanban.svg referenced in ../images/icon/bx-fill-view-kanban.svg didn't resolve at build time, it will remain unchanged to be resolved at runtime

../images/common/arr-left.svg referenced in ../images/common/arr-left.svg didn't resolve at build time, it will remain unchanged to be resolved at runtime

../images/common/ico-home.svg referenced in ../images/common/ico-home.svg didn't resolve at build time, it will remain unchanged to be resolved at runtime

../images/common/ico-menu.svg referenced in ../images/common/ico-menu.svg didn't resolve at build time, it will remain unchanged to be resolved at runtime

../images/common/ico-home-gray.jpg referenced in ../images/common/ico-home-gray.jpg didn't resolve at build time, it will remain unchanged to be resolved at runtime

../images/common/ico-breadcrumb-arrow.svg referenced in ../images/common/ico-breadcrumb-arrow.svg didn't resolve at build time, it will remain unchanged to be resolved at runtime

../images/common/ico-breadcrumb-arrow2.svg referenced in ../images/common/ico-breadcrumb-arrow2.svg didn't resolve at build time, it will remain unchanged to be resolved at runtime

../images/common/ico-discount.svg referenced in ../images/common/ico-discount.svg didn't resolve at build time, it will remain unchanged to be resolved at runtime

../images/common/ico-pig.svg referenced in ../images/common/ico-pig.svg didn't resolve at build time, it will remain unchanged to be resolved at runtime

../images/common/ico-calculator.svg referenced in ../images/common/ico-calculator.svg didn't resolve at build time, it will remain unchanged to be resolved at runtime

../images/common/ico-cash.svg referenced in ../images/common/ico-cash.svg didn't resolve at build time, it will remain unchanged to be resolved at runtime

../images/common/ico-calendar.svg referenced in ../images/common/ico-calendar.svg didn't resolve at build time, it will remain unchanged to be resolved at runtime

../images/common/ico-unchecked.svg referenced in ../images/common/ico-unchecked.svg didn't resolve at build time, it will remain unchanged to be resolved at runtime

../images/common/ico-checked.svg referenced in ../images/common/ico-checked.svg didn't resolve at build time, it will remain unchanged to be resolved at runtime

../images/common/ico-radio-unchecked.svg referenced in ../images/common/ico-radio-unchecked.svg didn't resolve at build time, it will remain unchanged to be resolved at runtime

../images/common/ico-radio-checked.svg referenced in ../images/common/ico-radio-checked.svg didn't resolve at build time, it will remain unchanged to be resolved at runtime

../images/common/ico-search.svg referenced in ../images/common/ico-search.svg didn't resolve at build time, it will remain unchanged to be resolved at runtime

../images/common/ico-alarm.svg referenced in ../images/common/ico-alarm.svg didn't resolve at build time, it will remain unchanged to be resolved at runtime

../images/common/ico-arrow-down.svg referenced in ../images/common/ico-arrow-down.svg didn't resolve at build time, it will remain unchanged to be resolved at runtime

../images/common/ico-arrow-up.svg referenced in ../images/common/ico-arrow-up.svg didn't resolve at build time, it will remain unchanged to be resolved at runtime

../images/common/ico-arrow-right.png referenced in ../images/common/ico-arrow-right.png didn't resolve at build time, it will remain unchanged to be resolved at runtime

/assets/images/icon-bank.svg referenced in /assets/images/icon-bank.svg didn't resolve at build time, it will remain unchanged to be resolved at runtime

../images/common/icon-bank_kb.png referenced in ../images/common/icon-bank_kb.png didn't resolve at build time, it will remain unchanged to be resolved at runtime

../images/common/icon-bank_sh.png referenced in ../images/common/icon-bank_sh.png didn't resolve at build time, it will remain unchanged to be resolved at runtime

../images/common/ico-copy.svg referenced in ../images/common/ico-copy.svg didn't resolve at build time, it will remain unchanged to be resolved at runtime

../images/common/ico-check-off.svg referenced in ../images/common/ico-check-off.svg didn't resolve at build time, it will remain unchanged to be resolved at runtime

../images/common/ico-check-on.svg referenced in ../images/common/ico-check-on.svg didn't resolve at build time, it will remain unchanged to be resolved at runtime

/assets/images/icon-arrow.svg referenced in /assets/images/icon-arrow.svg didn't resolve at build time, it will remain unchanged to be resolved at runtime

/assets/images/icons/send-money.svg referenced in /assets/images/icons/send-money.svg didn't resolve at build time, it will remain unchanged to be resolved at runtime

/assets/images/icons/pay-bills.svg referenced in /assets/images/icons/pay-bills.svg didn't resolve at build time, it will remain unchanged to be resolved at runtime

/assets/images/icons/pay.svg referenced in /assets/images/icons/pay.svg didn't resolve at build time, it will remain unchanged to be resolved at runtime

/assets/images/icons/deposit.svg referenced in /assets/images/icons/deposit.svg didn't resolve at build time, it will remain unchanged to be resolved at runtime

/assets/images/icons/withdrawal.svg referenced in /assets/images/icons/withdrawal.svg didn't resolve at build time, it will remain unchanged to be resolved at runtime

/assets/images/icons/pay-merchant.svg referenced in /assets/images/icons/pay-merchant.svg didn't resolve at build time, it will remain unchanged to be resolved at runtime

/assets/images/icons/debit-card.svg referenced in /assets/images/icons/debit-card.svg didn't resolve at build time, it will remain unchanged to be resolved at runtime

/assets/images/icons/avail-insurance.svg referenced in /assets/images/icons/avail-insurance.svg didn't resolve at build time, it will remain unchanged to be resolved at runtime

/assets/images/icons/view-insurance.svg referenced in /assets/images/icons/view-insurance.svg didn't resolve at build time, it will remain unchanged to be resolved at runtime
[2Ktransforming...✓ 2190 modules transformed.
rendering chunks...
computing gzip size...
dist/index.html                               1.10 kB │ gzip:   0.53 kB
dist/assets/_auth-CY-4rcKW.css                5.88 kB │ gzip:   1.71 kB
dist/assets/_page-DWZBoAPu.css               35.06 kB │ gzip:   6.52 kB
dist/assets/alarm-list-CgISGUPC.css          35.06 kB │ gzip:   6.52 kB
dist/assets/_page-DTlv-6QX.css               35.06 kB │ gzip:   6.52 kB
dist/assets/user-info-D8s3GuWd.css           36.04 kB │ gzip:   6.73 kB
dist/assets/transfer-list-D_41fukH.css       38.67 kB │ gzip:   7.01 kB
dist/assets/transfer-amount-D1n-wCrQ.css     40.24 kB │ gzip:   7.23 kB
dist/assets/_page-BvtgDerE.css              179.20 kB │ gzip:  31.21 kB
dist/assets/index-BkZeUGXF.css              484.95 kB │ gzip:  80.87 kB
dist/assets/_auth-BNduuskl.js                 0.66 kB │ gzip:   0.38 kB │ map:     0.62 kB
dist/assets/_page.setting-DL74npDH.js         0.67 kB │ gzip:   0.39 kB │ map:     0.66 kB
dist/assets/routes-CrJ8YD9F.js                0.68 kB │ gzip:   0.39 kB │ map:     0.60 kB
dist/assets/accout-detail-DHkh_yWm.js         0.85 kB │ gzip:   0.45 kB │ map:     0.92 kB
dist/assets/setting-s9hu7TYy.js               1.83 kB │ gzip:   0.80 kB │ map:     2.68 kB
dist/assets/alarm-detail-AGGfcLQC.js          2.49 kB │ gzip:   0.88 kB │ map:     3.53 kB
dist/assets/_page.main-BTFeHwnH.js            2.89 kB │ gzip:   1.23 kB │ map:     3.79 kB
dist/assets/_page.asset-C4G3zygG.js           3.34 kB │ gzip:   1.24 kB │ map:     5.40 kB
dist/assets/utils-6H7UF9Ko.js                 3.76 kB │ gzip:   1.44 kB │ map:     5.23 kB
dist/assets/_auth.login-B0-NDkU1.js           6.91 kB │ gzip:   2.16 kB │ map:    14.63 kB
dist/assets/web-vitals-B0YNZpvD.js            7.74 kB │ gzip:   2.86 kB │ map:    13.72 kB
dist/assets/_page.product-D5wpl-gl.js        10.29 kB │ gzip:   3.14 kB │ map:     3.06 kB
dist/assets/_page.menu-DaRlksNw.js           10.55 kB │ gzip:   3.26 kB │ map:     3.65 kB
dist/assets/alarm-list-Bz_myZ_X.js           11.06 kB │ gzip:   3.37 kB │ map:     4.02 kB
dist/assets/user-info-DDTaD8Xi.js            12.51 kB │ gzip:   3.45 kB │ map:     4.88 kB
dist/assets/transfer-amount-CyRmpDF8.js      15.68 kB │ gzip:   4.43 kB │ map:     9.84 kB
dist/assets/transfer-list-GJ3jn7pu.js        15.87 kB │ gzip:   4.64 kB │ map:    10.60 kB
dist/assets/compiler-runtime-DnrWg_9d.js     19.59 kB │ gzip:   5.07 kB │ map:    30.62 kB
dist/assets/_page-DTnJJz9w.js                52.14 kB │ gzip:  10.15 kB │ map:    16.79 kB
dist/assets/index-Djl0w8cS.js             2,600.61 kB │ gzip: 492.56 kB │ map: 4,508.11 kB

[plugin @tailwindcss/vite:generate:build] [33m[SOURCEMAP_BROKEN] [0mSourcemap is likely to be incorrect: a plugin (@tailwindcss/vite:generate:build) was used to transform files, but didn't generate a sourcemap for the transformation. Consult the plugin documentation for help: https://rolldown.rs/guide/troubleshooting#warning-sourcemap-is-likely-to-be-incorrect

[plugin @tailwindcss/vite:generate:build] [33m[SOURCEMAP_BROKEN] [0mSourcemap is likely to be incorrect: a plugin (@tailwindcss/vite:generate:build) was used to transform files, but didn't generate a sourcemap for the transformation. Consult the plugin documentation for help: https://rolldown.rs/guide/troubleshooting#warning-sourcemap-is-likely-to-be-incorrect

[plugin @tailwindcss/vite:generate:build] [33m[SOURCEMAP_BROKEN] [0mSourcemap is likely to be incorrect: a plugin (@tailwindcss/vite:generate:build) was used to transform files, but didn't generate a sourcemap for the transformation. Consult the plugin documentation for help: https://rolldown.rs/guide/troubleshooting#warning-sourcemap-is-likely-to-be-incorrect

[plugin @tailwindcss/vite:generate:build] [33m[SOURCEMAP_BROKEN] [0mSourcemap is likely to be incorrect: a plugin (@tailwindcss/vite:generate:build) was used to transform files, but didn't generate a sourcemap for the transformation. Consult the plugin documentation for help: https://rolldown.rs/guide/troubleshooting#warning-sourcemap-is-likely-to-be-incorrect

[plugin @tailwindcss/vite:generate:build] [33m[SOURCEMAP_BROKEN] [0mSourcemap is likely to be incorrect: a plugin (@tailwindcss/vite:generate:build) was used to transform files, but didn't generate a sourcemap for the transformation. Consult the plugin documentation for help: https://rolldown.rs/guide/troubleshooting#warning-sourcemap-is-likely-to-be-incorrect

[plugin @tailwindcss/vite:generate:build] [33m[SOURCEMAP_BROKEN] [0mSourcemap is likely to be incorrect: a plugin (@tailwindcss/vite:generate:build) was used to transform files, but didn't generate a sourcemap for the transformation. Consult the plugin documentation for help: https://rolldown.rs/guide/troubleshooting#warning-sourcemap-is-likely-to-be-incorrect

[plugin @tailwindcss/vite:generate:build] [33m[SOURCEMAP_BROKEN] [0mSourcemap is likely to be incorrect: a plugin (@tailwindcss/vite:generate:build) was used to transform files, but didn't generate a sourcemap for the transformation. Consult the plugin documentation for help: https://rolldown.rs/guide/troubleshooting#warning-sourcemap-is-likely-to-be-incorrect

[plugin @tailwindcss/vite:generate:build] [33m[SOURCEMAP_BROKEN] [0mSourcemap is likely to be incorrect: a plugin (@tailwindcss/vite:generate:build) was used to transform files, but didn't generate a sourcemap for the transformation. Consult the plugin documentation for help: https://rolldown.rs/guide/troubleshooting#warning-sourcemap-is-likely-to-be-incorrect

[plugin @tailwindcss/vite:generate:build] [33m[SOURCEMAP_BROKEN] [0mSourcemap is likely to be incorrect: a plugin (@tailwindcss/vite:generate:build) was used to transform files, but didn't generate a sourcemap for the transformation. Consult the plugin documentation for help: https://rolldown.rs/guide/troubleshooting#warning-sourcemap-is-likely-to-be-incorrect

[plugin @tailwindcss/vite:generate:build] [33m[SOURCEMAP_BROKEN] [0mSourcemap is likely to be incorrect: a plugin (@tailwindcss/vite:generate:build) was used to transform files, but didn't generate a sourcemap for the transformation. Consult the plugin documentation for help: https://rolldown.rs/guide/troubleshooting#warning-sourcemap-is-likely-to-be-incorrect

[plugin @tailwindcss/vite:generate:build] [33m[SOURCEMAP_BROKEN] [0mSourcemap is likely to be incorrect: a plugin (@tailwindcss/vite:generate:build) was used to transform files, but didn't generate a sourcemap for the transformation. Consult the plugin documentation for help: https://rolldown.rs/guide/troubleshooting#warning-sourcemap-is-likely-to-be-incorrect

[plugin @tailwindcss/vite:generate:build] [33m[SOURCEMAP_BROKEN] [0mSourcemap is likely to be incorrect: a plugin (@tailwindcss/vite:generate:build) was used to transform files, but didn't generate a sourcemap for the transformation. Consult the plugin documentation for help: https://rolldown.rs/guide/troubleshooting#warning-sourcemap-is-likely-to-be-incorrect

[plugin @tailwindcss/vite:generate:build] [33m[SOURCEMAP_BROKEN] [0mSourcemap is likely to be incorrect: a plugin (@tailwindcss/vite:generate:build) was used to transform files, but didn't generate a sourcemap for the transformation. Consult the plugin documentation for help: https://rolldown.rs/guide/troubleshooting#warning-sourcemap-is-likely-to-be-incorrect

[plugin @tailwindcss/vite:generate:build] [33m[SOURCEMAP_BROKEN] [0mSourcemap is likely to be incorrect: a plugin (@tailwindcss/vite:generate:build) was used to transform files, but didn't generate a sourcemap for the transformation. Consult the plugin documentation for help: https://rolldown.rs/guide/troubleshooting#warning-sourcemap-is-likely-to-be-incorrect

[plugin @tailwindcss/vite:generate:build] [33m[SOURCEMAP_BROKEN] [0mSourcemap is likely to be incorrect: a plugin (@tailwindcss/vite:generate:build) was used to transform files, but didn't generate a sourcemap for the transformation. Consult the plugin documentation for help: https://rolldown.rs/guide/troubleshooting#warning-sourcemap-is-likely-to-be-incorrect

[plugin @tailwindcss/vite:generate:build] [33m[SOURCEMAP_BROKEN] [0mSourcemap is likely to be incorrect: a plugin (@tailwindcss/vite:generate:build) was used to transform files, but didn't generate a sourcemap for the transformation. Consult the plugin documentation for help: https://rolldown.rs/guide/troubleshooting#warning-sourcemap-is-likely-to-be-incorrect

[plugin @tailwindcss/vite:generate:build] [33m[SOURCEMAP_BROKEN] [0mSourcemap is likely to be incorrect: a plugin (@tailwindcss/vite:generate:build) was used to transform files, but didn't generate a sourcemap for the transformation. Consult the plugin documentation for help: https://rolldown.rs/guide/troubleshooting#warning-sourcemap-is-likely-to-be-incorrect

[plugin @tailwindcss/vite:generate:build] [33m[SOURCEMAP_BROKEN] [0mSourcemap is likely to be incorrect: a plugin (@tailwindcss/vite:generate:build) was used to transform files, but didn't generate a sourcemap for the transformation. Consult the plugin documentation for help: https://rolldown.rs/guide/troubleshooting#warning-sourcemap-is-likely-to-be-incorrect

[33m[PLUGIN_TIMINGS] [0mYour build spent significant time in plugins. Here is a breakdown:
  - @rolldown/plugin-babel (42%)
  - @tailwindcss/vite:generate:build (24%)
  - vite:css (15%)
  - tanstack-router:code-splitter:compile-reference-file (10%)
  - vite:css-post (6%)
See https://rolldown.rs/reference/InputOptions.checks#plugintimings for more details.

✓ built in 3.66s
