$ vite build
Warning: Route file "/Users/yuhongsig/project/bx-cf/bx-cf-fe/apps/pc-web/src/routes/(modal)/transfer/index.tsx" does not export a Route. This file will not be included in the route tree.

If this file is not intended to be a route, you can exclude it using one of these options:
  1. Rename the file to "/Users/yuhongsig/project/bx-cf/bx-cf-fe/apps/pc-web/src/routes/(modal)/transfer/-index.tsx" (prefix with "-")
  2. Use 'routeFileIgnorePattern' in your config to match this file

Current configuration:
  routeFileIgnorePrefix: "-"
  routeFileIgnorePattern: undefined
Warning: Route file "/Users/yuhongsig/project/bx-cf/bx-cf-fe/apps/pc-web/src/routes/(modal)/account-detail/index.tsx" does not export a Route. This file will not be included in the route tree.

If this file is not intended to be a route, you can exclude it using one of these options:
  1. Rename the file to "/Users/yuhongsig/project/bx-cf/bx-cf-fe/apps/pc-web/src/routes/(modal)/account-detail/-index.tsx" (prefix with "-")
  2. Use 'routeFileIgnorePattern' in your config to match this file

Current configuration:
  routeFileIgnorePrefix: "-"
  routeFileIgnorePattern: undefined
Warning: Route file "/Users/yuhongsig/project/bx-cf/bx-cf-fe/apps/pc-web/src/routes/(modal)/alarm-list/index.tsx" does not export a Route. This file will not be included in the route tree.

If this file is not intended to be a route, you can exclude it using one of these options:
  1. Rename the file to "/Users/yuhongsig/project/bx-cf/bx-cf-fe/apps/pc-web/src/routes/(modal)/alarm-list/-index.tsx" (prefix with "-")
  2. Use 'routeFileIgnorePattern' in your config to match this file

Current configuration:
  routeFileIgnorePrefix: "-"
  routeFileIgnorePattern: undefined
Warning: Route file "/Users/yuhongsig/project/bx-cf/bx-cf-fe/apps/pc-web/src/routes/(modal)/setting/index.tsx" does not export a Route. This file will not be included in the route tree.

If this file is not intended to be a route, you can exclude it using one of these options:
  1. Rename the file to "/Users/yuhongsig/project/bx-cf/bx-cf-fe/apps/pc-web/src/routes/(modal)/setting/-index.tsx" (prefix with "-")
  2. Use 'routeFileIgnorePattern' in your config to match this file

Current configuration:
  routeFileIgnorePrefix: "-"
  routeFileIgnorePattern: undefined
Warning: Route file "/Users/yuhongsig/project/bx-cf/bx-cf-fe/apps/pc-web/src/routes/(modal)/user-info/index.tsx" does not export a Route. This file will not be included in the route tree.

If this file is not intended to be a route, you can exclude it using one of these options:
  1. Rename the file to "/Users/yuhongsig/project/bx-cf/bx-cf-fe/apps/pc-web/src/routes/(modal)/user-info/-index.tsx" (prefix with "-")
  2. Use 'routeFileIgnorePattern' in your config to match this file

Current configuration:
  routeFileIgnorePrefix: "-"
  routeFileIgnorePattern: undefined
vite v8.1.0 building client environment for production...
[2Ktransforming...✓ 2471 modules transformed.
rendering chunks...
computing gzip size...
dist/index.html                               0.65 kB │ gzip:   0.35 kB
dist/assets/_page-BJl-NgFb.css                2.43 kB │ gzip:   0.87 kB
dist/assets/_auth-BVvH-gef.css                2.73 kB │ gzip:   0.89 kB
dist/assets/_page-DGU9XzSo.css                7.67 kB │ gzip:   1.94 kB
dist/assets/index-NHmPsY2G.css               34.24 kB │ gzip:   5.83 kB
dist/assets/_auth--BMlz5Q1.js                 0.14 kB │ gzip:   0.13 kB
dist/assets/routes-kQ2dWyyG.js                0.17 kB │ gzip:   0.16 kB
dist/assets/_page.alarm-CkjFwP8E.js           0.35 kB │ gzip:   0.28 kB
dist/assets/_page.asset-Ch6O-IA1.js           0.35 kB │ gzip:   0.28 kB
dist/assets/_page.playground-DZkhWARf.js      0.36 kB │ gzip:   0.28 kB
dist/assets/alarm-list-DLY_8_hi.js            0.54 kB │ gzip:   0.35 kB
dist/assets/useRouter-CKMkExke.js             0.71 kB │ gzip:   0.41 kB
dist/assets/account-detail-CpSqJfAC.js        0.84 kB │ gzip:   0.45 kB
dist/assets/user-info-CU3jpXzZ.js             0.96 kB │ gzip:   0.48 kB
dist/assets/_page.product-BNP5_IYg.js         1.05 kB │ gzip:   0.59 kB
dist/assets/jsx-runtime-DUAcabCT.js           1.06 kB │ gzip:   0.60 kB
dist/assets/setting-Bw0dSMct.js               1.25 kB │ gzip:   0.63 kB
dist/assets/transfer-DdTYer70.js              1.88 kB │ gzip:   0.75 kB
dist/assets/_page.main-DVI5q-9X.js            2.99 kB │ gzip:   1.38 kB
dist/assets/_auth.login-CzyVPCyV.js           3.07 kB │ gzip:   1.27 kB
dist/assets/react-DbyrFoBd.js                 7.52 kB │ gzip:   2.87 kB
dist/assets/_page-8Ee37jDL.js                 9.98 kB │ gzip:   3.34 kB
dist/assets/index-lbWddUg_.js             1,182.90 kB │ gzip: 336.86 kB

✓ built in 1.12s
[plugin builtin:vite-reporter] 
(!) Some chunks are larger than 500 kB after minification. Consider:
- Using dynamic import() to code-split the application
- Use build.rolldownOptions.output.codeSplitting to improve chunking: https://rolldown.rs/reference/OutputOptions.codeSplitting
- Adjust chunk size limit for this warning via build.chunkSizeWarningLimit.
